// Jest Snapshot v1, https://goo.gl/fbAQLP

exports[`Pruebas en <GifItem /> Debe de hacer match con el snapshot 1`] = `
<div>
  <div
    class="card"
  >
    <img
      alt="Hello World"
      src="https://github.io/gabrielravelo"
    />
    <p>
      Hello World
    </p>
  </div>
</div>
`;
